// Jest Snapshot v1, https://goo.gl/fbAQLP

exports[`dataFound 1`] = `
ShallowWrapper {
  "length": 1,
  Symbol(enzyme.__root__): [Circular],
  Symbol(enzyme.__unrendered__): <MainContent
    dataFound={true}
    invalidDate={true}
    userName="defunkt"
/>,
  Symbol(enzyme.__renderer__): Object {
    "batchedUpdates": [Function],
    "getNode": [Function],
    "render": [Function],
    "simulateEvent": [Function],
    "unmount": [Function],
  },
  Symbol(enzyme.__node__): Object {
    "instance": null,
    "key": undefined,
    "nodeType": "host",
    "props": Object {
      "children": <div
        className="GistPreview"
>
        <p>
                <b>
                        Error:
                </b>
                 Please enter a valid ISO 8601 date
        </p>
        <DefaultMessage />
        <div>
                <h2>
                        Viewing Gists by 
                        defunkt
                </h2>
                <Gist
                        className="GistPreview"
                        id={undefined}
                />
        </div>
</div>,
    },
    "ref": null,
    "rendered": Object {
      "instance": null,
      "key": undefined,
      "nodeType": "host",
      "props": Object {
        "children": Array [
          <p>
            <b>
                        Error:
            </b>
             Please enter a valid ISO 8601 date
</p>,
          <DefaultMessage />,
          <div>
            <h2>
                        Viewing Gists by 
                        defunkt
            </h2>
            <Gist
                        className="GistPreview"
                        id={undefined}
            />
</div>,
        ],
        "className": "GistPreview",
      },
      "ref": null,
      "rendered": Array [
        Object {
          "instance": null,
          "key": undefined,
          "nodeType": "host",
          "props": Object {
            "children": Array [
              <b>
                Error:
</b>,
              " Please enter a valid ISO 8601 date",
            ],
          },
          "ref": null,
          "rendered": Array [
            Object {
              "instance": null,
              "key": undefined,
              "nodeType": "host",
              "props": Object {
                "children": "Error:",
              },
              "ref": null,
              "rendered": "Error:",
              "type": "b",
            },
            " Please enter a valid ISO 8601 date",
          ],
          "type": "p",
        },
        Object {
          "instance": null,
          "key": undefined,
          "nodeType": "class",
          "props": Object {},
          "ref": null,
          "rendered": null,
          "type": [Function],
        },
        Object {
          "instance": null,
          "key": undefined,
          "nodeType": "host",
          "props": Object {
            "children": Array [
              <h2>
                Viewing Gists by 
                defunkt
</h2>,
              <Gist
                className="GistPreview"
                id={undefined}
/>,
            ],
          },
          "ref": null,
          "rendered": Array [
            Object {
              "instance": null,
              "key": undefined,
              "nodeType": "host",
              "props": Object {
                "children": Array [
                  "Viewing Gists by ",
                  "defunkt",
                ],
              },
              "ref": null,
              "rendered": Array [
                "Viewing Gists by ",
                "defunkt",
              ],
              "type": "h2",
            },
            Object {
              "instance": null,
              "key": undefined,
              "nodeType": "class",
              "props": Object {
                "className": "GistPreview",
                "id": undefined,
              },
              "ref": null,
              "rendered": null,
              "type": [Function],
            },
          ],
          "type": "div",
        },
      ],
      "type": "div",
    },
    "type": "main",
  },
  Symbol(enzyme.__nodes__): Array [
    Object {
      "instance": null,
      "key": undefined,
      "nodeType": "host",
      "props": Object {
        "children": <div
          className="GistPreview"
>
          <p>
                    <b>
                              Error:
                    </b>
                     Please enter a valid ISO 8601 date
          </p>
          <DefaultMessage />
          <div>
                    <h2>
                              Viewing Gists by 
                              defunkt
                    </h2>
                    <Gist
                              className="GistPreview"
                              id={undefined}
                    />
          </div>
</div>,
      },
      "ref": null,
      "rendered": Object {
        "instance": null,
        "key": undefined,
        "nodeType": "host",
        "props": Object {
          "children": Array [
            <p>
              <b>
                            Error:
              </b>
               Please enter a valid ISO 8601 date
</p>,
            <DefaultMessage />,
            <div>
              <h2>
                            Viewing Gists by 
                            defunkt
              </h2>
              <Gist
                            className="GistPreview"
                            id={undefined}
              />
</div>,
          ],
          "className": "GistPreview",
        },
        "ref": null,
        "rendered": Array [
          Object {
            "instance": null,
            "key": undefined,
            "nodeType": "host",
            "props": Object {
              "children": Array [
                <b>
                  Error:
</b>,
                " Please enter a valid ISO 8601 date",
              ],
            },
            "ref": null,
            "rendered": Array [
              Object {
                "instance": null,
                "key": undefined,
                "nodeType": "host",
                "props": Object {
                  "children": "Error:",
                },
                "ref": null,
                "rendered": "Error:",
                "type": "b",
              },
              " Please enter a valid ISO 8601 date",
            ],
            "type": "p",
          },
          Object {
            "instance": null,
            "key": undefined,
            "nodeType": "class",
            "props": Object {},
            "ref": null,
            "rendered": null,
            "type": [Function],
          },
          Object {
            "instance": null,
            "key": undefined,
            "nodeType": "host",
            "props": Object {
              "children": Array [
                <h2>
                  Viewing Gists by 
                  defunkt
</h2>,
                <Gist
                  className="GistPreview"
                  id={undefined}
/>,
              ],
            },
            "ref": null,
            "rendered": Array [
              Object {
                "instance": null,
                "key": undefined,
                "nodeType": "host",
                "props": Object {
                  "children": Array [
                    "Viewing Gists by ",
                    "defunkt",
                  ],
                },
                "ref": null,
                "rendered": Array [
                  "Viewing Gists by ",
                  "defunkt",
                ],
                "type": "h2",
              },
              Object {
                "instance": null,
                "key": undefined,
                "nodeType": "class",
                "props": Object {
                  "className": "GistPreview",
                  "id": undefined,
                },
                "ref": null,
                "rendered": null,
                "type": [Function],
              },
            ],
            "type": "div",
          },
        ],
        "type": "div",
      },
      "type": "main",
    },
  ],
  Symbol(enzyme.__options__): Object {
    "adapter": ReactSixteenAdapter {
      "options": Object {
        "enableComponentDidUpdateOnSetState": true,
      },
    },
  },
}
`;

exports[`default 1`] = `
ShallowWrapper {
  "length": 1,
  Symbol(enzyme.__root__): [Circular],
  Symbol(enzyme.__unrendered__): <MainContent
    dataFound={true}
    invalidDate={true}
    userName="defunkt"
/>,
  Symbol(enzyme.__renderer__): Object {
    "batchedUpdates": [Function],
    "getNode": [Function],
    "render": [Function],
    "simulateEvent": [Function],
    "unmount": [Function],
  },
  Symbol(enzyme.__node__): Object {
    "instance": null,
    "key": undefined,
    "nodeType": "host",
    "props": Object {
      "children": <div
        className="GistPreview"
>
        <p>
                <b>
                        Error:
                </b>
                 Please enter a valid ISO 8601 date
        </p>
        <DefaultMessage />
        <div>
                <h2>
                        Viewing Gists by 
                        defunkt
                </h2>
                <Gist
                        className="GistPreview"
                        id={undefined}
                />
        </div>
</div>,
    },
    "ref": null,
    "rendered": Object {
      "instance": null,
      "key": undefined,
      "nodeType": "host",
      "props": Object {
        "children": Array [
          <p>
            <b>
                        Error:
            </b>
             Please enter a valid ISO 8601 date
</p>,
          <DefaultMessage />,
          <div>
            <h2>
                        Viewing Gists by 
                        defunkt
            </h2>
            <Gist
                        className="GistPreview"
                        id={undefined}
            />
</div>,
        ],
        "className": "GistPreview",
      },
      "ref": null,
      "rendered": Array [
        Object {
          "instance": null,
          "key": undefined,
          "nodeType": "host",
          "props": Object {
            "children": Array [
              <b>
                Error:
</b>,
              " Please enter a valid ISO 8601 date",
            ],
          },
          "ref": null,
          "rendered": Array [
            Object {
              "instance": null,
              "key": undefined,
              "nodeType": "host",
              "props": Object {
                "children": "Error:",
              },
              "ref": null,
              "rendered": "Error:",
              "type": "b",
            },
            " Please enter a valid ISO 8601 date",
          ],
          "type": "p",
        },
        Object {
          "instance": null,
          "key": undefined,
          "nodeType": "class",
          "props": Object {},
          "ref": null,
          "rendered": null,
          "type": [Function],
        },
        Object {
          "instance": null,
          "key": undefined,
          "nodeType": "host",
          "props": Object {
            "children": Array [
              <h2>
                Viewing Gists by 
                defunkt
</h2>,
              <Gist
                className="GistPreview"
                id={undefined}
/>,
            ],
          },
          "ref": null,
          "rendered": Array [
            Object {
              "instance": null,
              "key": undefined,
              "nodeType": "host",
              "props": Object {
                "children": Array [
                  "Viewing Gists by ",
                  "defunkt",
                ],
              },
              "ref": null,
              "rendered": Array [
                "Viewing Gists by ",
                "defunkt",
              ],
              "type": "h2",
            },
            Object {
              "instance": null,
              "key": undefined,
              "nodeType": "class",
              "props": Object {
                "className": "GistPreview",
                "id": undefined,
              },
              "ref": null,
              "rendered": null,
              "type": [Function],
            },
          ],
          "type": "div",
        },
      ],
      "type": "div",
    },
    "type": "main",
  },
  Symbol(enzyme.__nodes__): Array [
    Object {
      "instance": null,
      "key": undefined,
      "nodeType": "host",
      "props": Object {
        "children": <div
          className="GistPreview"
>
          <p>
                    <b>
                              Error:
                    </b>
                     Please enter a valid ISO 8601 date
          </p>
          <DefaultMessage />
          <div>
                    <h2>
                              Viewing Gists by 
                              defunkt
                    </h2>
                    <Gist
                              className="GistPreview"
                              id={undefined}
                    />
          </div>
</div>,
      },
      "ref": null,
      "rendered": Object {
        "instance": null,
        "key": undefined,
        "nodeType": "host",
        "props": Object {
          "children": Array [
            <p>
              <b>
                            Error:
              </b>
               Please enter a valid ISO 8601 date
</p>,
            <DefaultMessage />,
            <div>
              <h2>
                            Viewing Gists by 
                            defunkt
              </h2>
              <Gist
                            className="GistPreview"
                            id={undefined}
              />
</div>,
          ],
          "className": "GistPreview",
        },
        "ref": null,
        "rendered": Array [
          Object {
            "instance": null,
            "key": undefined,
            "nodeType": "host",
            "props": Object {
              "children": Array [
                <b>
                  Error:
</b>,
                " Please enter a valid ISO 8601 date",
              ],
            },
            "ref": null,
            "rendered": Array [
              Object {
                "instance": null,
                "key": undefined,
                "nodeType": "host",
                "props": Object {
                  "children": "Error:",
                },
                "ref": null,
                "rendered": "Error:",
                "type": "b",
              },
              " Please enter a valid ISO 8601 date",
            ],
            "type": "p",
          },
          Object {
            "instance": null,
            "key": undefined,
            "nodeType": "class",
            "props": Object {},
            "ref": null,
            "rendered": null,
            "type": [Function],
          },
          Object {
            "instance": null,
            "key": undefined,
            "nodeType": "host",
            "props": Object {
              "children": Array [
                <h2>
                  Viewing Gists by 
                  defunkt
</h2>,
                <Gist
                  className="GistPreview"
                  id={undefined}
/>,
              ],
            },
            "ref": null,
            "rendered": Array [
              Object {
                "instance": null,
                "key": undefined,
                "nodeType": "host",
                "props": Object {
                  "children": Array [
                    "Viewing Gists by ",
                    "defunkt",
                  ],
                },
                "ref": null,
                "rendered": Array [
                  "Viewing Gists by ",
                  "defunkt",
                ],
                "type": "h2",
              },
              Object {
                "instance": null,
                "key": undefined,
                "nodeType": "class",
                "props": Object {
                  "className": "GistPreview",
                  "id": undefined,
                },
                "ref": null,
                "rendered": null,
                "type": [Function],
              },
            ],
            "type": "div",
          },
        ],
        "type": "div",
      },
      "type": "main",
    },
  ],
  Symbol(enzyme.__options__): Object {
    "adapter": ReactSixteenAdapter {
      "options": Object {
        "enableComponentDidUpdateOnSetState": true,
      },
    },
  },
}
`;

exports[`defaultMessage 1`] = `
ShallowWrapper {
  "length": 1,
  Symbol(enzyme.__root__): [Circular],
  Symbol(enzyme.__unrendered__): <MainContent
    dataFound={true}
    invalidDate={true}
    userName="defunkt"
/>,
  Symbol(enzyme.__renderer__): Object {
    "batchedUpdates": [Function],
    "getNode": [Function],
    "render": [Function],
    "simulateEvent": [Function],
    "unmount": [Function],
  },
  Symbol(enzyme.__node__): Object {
    "instance": null,
    "key": undefined,
    "nodeType": "host",
    "props": Object {
      "children": <div
        className="GistPreview"
>
        <p>
                <b>
                        Error:
                </b>
                 Please enter a valid ISO 8601 date
        </p>
        <DefaultMessage />
        <div>
                <h2>
                        Viewing Gists by 
                        defunkt
                </h2>
                <Gist
                        className="GistPreview"
                        id={undefined}
                />
        </div>
</div>,
    },
    "ref": null,
    "rendered": Object {
      "instance": null,
      "key": undefined,
      "nodeType": "host",
      "props": Object {
        "children": Array [
          <p>
            <b>
                        Error:
            </b>
             Please enter a valid ISO 8601 date
</p>,
          <DefaultMessage />,
          <div>
            <h2>
                        Viewing Gists by 
                        defunkt
            </h2>
            <Gist
                        className="GistPreview"
                        id={undefined}
            />
</div>,
        ],
        "className": "GistPreview",
      },
      "ref": null,
      "rendered": Array [
        Object {
          "instance": null,
          "key": undefined,
          "nodeType": "host",
          "props": Object {
            "children": Array [
              <b>
                Error:
</b>,
              " Please enter a valid ISO 8601 date",
            ],
          },
          "ref": null,
          "rendered": Array [
            Object {
              "instance": null,
              "key": undefined,
              "nodeType": "host",
              "props": Object {
                "children": "Error:",
              },
              "ref": null,
              "rendered": "Error:",
              "type": "b",
            },
            " Please enter a valid ISO 8601 date",
          ],
          "type": "p",
        },
        Object {
          "instance": null,
          "key": undefined,
          "nodeType": "class",
          "props": Object {},
          "ref": null,
          "rendered": null,
          "type": [Function],
        },
        Object {
          "instance": null,
          "key": undefined,
          "nodeType": "host",
          "props": Object {
            "children": Array [
              <h2>
                Viewing Gists by 
                defunkt
</h2>,
              <Gist
                className="GistPreview"
                id={undefined}
/>,
            ],
          },
          "ref": null,
          "rendered": Array [
            Object {
              "instance": null,
              "key": undefined,
              "nodeType": "host",
              "props": Object {
                "children": Array [
                  "Viewing Gists by ",
                  "defunkt",
                ],
              },
              "ref": null,
              "rendered": Array [
                "Viewing Gists by ",
                "defunkt",
              ],
              "type": "h2",
            },
            Object {
              "instance": null,
              "key": undefined,
              "nodeType": "class",
              "props": Object {
                "className": "GistPreview",
                "id": undefined,
              },
              "ref": null,
              "rendered": null,
              "type": [Function],
            },
          ],
          "type": "div",
        },
      ],
      "type": "div",
    },
    "type": "main",
  },
  Symbol(enzyme.__nodes__): Array [
    Object {
      "instance": null,
      "key": undefined,
      "nodeType": "host",
      "props": Object {
        "children": <div
          className="GistPreview"
>
          <p>
                    <b>
                              Error:
                    </b>
                     Please enter a valid ISO 8601 date
          </p>
          <DefaultMessage />
          <div>
                    <h2>
                              Viewing Gists by 
                              defunkt
                    </h2>
                    <Gist
                              className="GistPreview"
                              id={undefined}
                    />
          </div>
</div>,
      },
      "ref": null,
      "rendered": Object {
        "instance": null,
        "key": undefined,
        "nodeType": "host",
        "props": Object {
          "children": Array [
            <p>
              <b>
                            Error:
              </b>
               Please enter a valid ISO 8601 date
</p>,
            <DefaultMessage />,
            <div>
              <h2>
                            Viewing Gists by 
                            defunkt
              </h2>
              <Gist
                            className="GistPreview"
                            id={undefined}
              />
</div>,
          ],
          "className": "GistPreview",
        },
        "ref": null,
        "rendered": Array [
          Object {
            "instance": null,
            "key": undefined,
            "nodeType": "host",
            "props": Object {
              "children": Array [
                <b>
                  Error:
</b>,
                " Please enter a valid ISO 8601 date",
              ],
            },
            "ref": null,
            "rendered": Array [
              Object {
                "instance": null,
                "key": undefined,
                "nodeType": "host",
                "props": Object {
                  "children": "Error:",
                },
                "ref": null,
                "rendered": "Error:",
                "type": "b",
              },
              " Please enter a valid ISO 8601 date",
            ],
            "type": "p",
          },
          Object {
            "instance": null,
            "key": undefined,
            "nodeType": "class",
            "props": Object {},
            "ref": null,
            "rendered": null,
            "type": [Function],
          },
          Object {
            "instance": null,
            "key": undefined,
            "nodeType": "host",
            "props": Object {
              "children": Array [
                <h2>
                  Viewing Gists by 
                  defunkt
</h2>,
                <Gist
                  className="GistPreview"
                  id={undefined}
/>,
              ],
            },
            "ref": null,
            "rendered": Array [
              Object {
                "instance": null,
                "key": undefined,
                "nodeType": "host",
                "props": Object {
                  "children": Array [
                    "Viewing Gists by ",
                    "defunkt",
                  ],
                },
                "ref": null,
                "rendered": Array [
                  "Viewing Gists by ",
                  "defunkt",
                ],
                "type": "h2",
              },
              Object {
                "instance": null,
                "key": undefined,
                "nodeType": "class",
                "props": Object {
                  "className": "GistPreview",
                  "id": undefined,
                },
                "ref": null,
                "rendered": null,
                "type": [Function],
              },
            ],
            "type": "div",
          },
        ],
        "type": "div",
      },
      "type": "main",
    },
  ],
  Symbol(enzyme.__options__): Object {
    "adapter": ReactSixteenAdapter {
      "options": Object {
        "enableComponentDidUpdateOnSetState": true,
      },
    },
  },
}
`;

exports[`invalidDate 1`] = `
ShallowWrapper {
  "length": 1,
  Symbol(enzyme.__root__): [Circular],
  Symbol(enzyme.__unrendered__): <MainContent
    dataFound={true}
    invalidDate={true}
    userName="defunkt"
/>,
  Symbol(enzyme.__renderer__): Object {
    "batchedUpdates": [Function],
    "getNode": [Function],
    "render": [Function],
    "simulateEvent": [Function],
    "unmount": [Function],
  },
  Symbol(enzyme.__node__): Object {
    "instance": null,
    "key": undefined,
    "nodeType": "host",
    "props": Object {
      "children": <div
        className="GistPreview"
>
        <p>
                <b>
                        Error:
                </b>
                 Please enter a valid ISO 8601 date
        </p>
        <DefaultMessage />
        <div>
                <h2>
                        Viewing Gists by 
                        defunkt
                </h2>
                <Gist
                        className="GistPreview"
                        id={undefined}
                />
        </div>
</div>,
    },
    "ref": null,
    "rendered": Object {
      "instance": null,
      "key": undefined,
      "nodeType": "host",
      "props": Object {
        "children": Array [
          <p>
            <b>
                        Error:
            </b>
             Please enter a valid ISO 8601 date
</p>,
          <DefaultMessage />,
          <div>
            <h2>
                        Viewing Gists by 
                        defunkt
            </h2>
            <Gist
                        className="GistPreview"
                        id={undefined}
            />
</div>,
        ],
        "className": "GistPreview",
      },
      "ref": null,
      "rendered": Array [
        Object {
          "instance": null,
          "key": undefined,
          "nodeType": "host",
          "props": Object {
            "children": Array [
              <b>
                Error:
</b>,
              " Please enter a valid ISO 8601 date",
            ],
          },
          "ref": null,
          "rendered": Array [
            Object {
              "instance": null,
              "key": undefined,
              "nodeType": "host",
              "props": Object {
                "children": "Error:",
              },
              "ref": null,
              "rendered": "Error:",
              "type": "b",
            },
            " Please enter a valid ISO 8601 date",
          ],
          "type": "p",
        },
        Object {
          "instance": null,
          "key": undefined,
          "nodeType": "class",
          "props": Object {},
          "ref": null,
          "rendered": null,
          "type": [Function],
        },
        Object {
          "instance": null,
          "key": undefined,
          "nodeType": "host",
          "props": Object {
            "children": Array [
              <h2>
                Viewing Gists by 
                defunkt
</h2>,
              <Gist
                className="GistPreview"
                id={undefined}
/>,
            ],
          },
          "ref": null,
          "rendered": Array [
            Object {
              "instance": null,
              "key": undefined,
              "nodeType": "host",
              "props": Object {
                "children": Array [
                  "Viewing Gists by ",
                  "defunkt",
                ],
              },
              "ref": null,
              "rendered": Array [
                "Viewing Gists by ",
                "defunkt",
              ],
              "type": "h2",
            },
            Object {
              "instance": null,
              "key": undefined,
              "nodeType": "class",
              "props": Object {
                "className": "GistPreview",
                "id": undefined,
              },
              "ref": null,
              "rendered": null,
              "type": [Function],
            },
          ],
          "type": "div",
        },
      ],
      "type": "div",
    },
    "type": "main",
  },
  Symbol(enzyme.__nodes__): Array [
    Object {
      "instance": null,
      "key": undefined,
      "nodeType": "host",
      "props": Object {
        "children": <div
          className="GistPreview"
>
          <p>
                    <b>
                              Error:
                    </b>
                     Please enter a valid ISO 8601 date
          </p>
          <DefaultMessage />
          <div>
                    <h2>
                              Viewing Gists by 
                              defunkt
                    </h2>
                    <Gist
                              className="GistPreview"
                              id={undefined}
                    />
          </div>
</div>,
      },
      "ref": null,
      "rendered": Object {
        "instance": null,
        "key": undefined,
        "nodeType": "host",
        "props": Object {
          "children": Array [
            <p>
              <b>
                            Error:
              </b>
               Please enter a valid ISO 8601 date
</p>,
            <DefaultMessage />,
            <div>
              <h2>
                            Viewing Gists by 
                            defunkt
              </h2>
              <Gist
                            className="GistPreview"
                            id={undefined}
              />
</div>,
          ],
          "className": "GistPreview",
        },
        "ref": null,
        "rendered": Array [
          Object {
            "instance": null,
            "key": undefined,
            "nodeType": "host",
            "props": Object {
              "children": Array [
                <b>
                  Error:
</b>,
                " Please enter a valid ISO 8601 date",
              ],
            },
            "ref": null,
            "rendered": Array [
              Object {
                "instance": null,
                "key": undefined,
                "nodeType": "host",
                "props": Object {
                  "children": "Error:",
                },
                "ref": null,
                "rendered": "Error:",
                "type": "b",
              },
              " Please enter a valid ISO 8601 date",
            ],
            "type": "p",
          },
          Object {
            "instance": null,
            "key": undefined,
            "nodeType": "class",
            "props": Object {},
            "ref": null,
            "rendered": null,
            "type": [Function],
          },
          Object {
            "instance": null,
            "key": undefined,
            "nodeType": "host",
            "props": Object {
              "children": Array [
                <h2>
                  Viewing Gists by 
                  defunkt
</h2>,
                <Gist
                  className="GistPreview"
                  id={undefined}
/>,
              ],
            },
            "ref": null,
            "rendered": Array [
              Object {
                "instance": null,
                "key": undefined,
                "nodeType": "host",
                "props": Object {
                  "children": Array [
                    "Viewing Gists by ",
                    "defunkt",
                  ],
                },
                "ref": null,
                "rendered": Array [
                  "Viewing Gists by ",
                  "defunkt",
                ],
                "type": "h2",
              },
              Object {
                "instance": null,
                "key": undefined,
                "nodeType": "class",
                "props": Object {
                  "className": "GistPreview",
                  "id": undefined,
                },
                "ref": null,
                "rendered": null,
                "type": [Function],
              },
            ],
            "type": "div",
          },
        ],
        "type": "div",
      },
      "type": "main",
    },
  ],
  Symbol(enzyme.__options__): Object {
    "adapter": ReactSixteenAdapter {
      "options": Object {
        "enableComponentDidUpdateOnSetState": true,
      },
    },
  },
}
`;
