// Jest Snapshot v1, https://goo.gl/fbAQLP

exports[`default 1`] = `
ShallowWrapper {
  "length": 1,
  Symbol(enzyme.__root__): [Circular],
  Symbol(enzyme.__unrendered__): <App
    location={
        Object {
            "search": "",
          }
    }
    match={
        Object {
            "isExact": true,
            "params": Object {
              "username": "defunkt",
            },
            "path": "/defunkt",
            "url": "/defunkt",
          }
    }
/>,
  Symbol(enzyme.__renderer__): Object {
    "batchedUpdates": [Function],
    "getNode": [Function],
    "render": [Function],
    "simulateEvent": [Function],
    "unmount": [Function],
  },
  Symbol(enzyme.__node__): Object {
    "instance": null,
    "key": undefined,
    "nodeType": "class",
    "props": Object {
      "children": <div>
        <AppBar
                onLeftIconButtonClick={[Function]}
                showMenuIconButton={true}
                style={
                        Object {
                                "position": "fixed",
                              }
                }
                title="GitHub Gists"
                zDepth={1}
        />
        <SideBar
                dataFound={true}
                gistData={Array []}
                onClick={[Function]}
                onRequestChange={[Function]}
                open={false}
                title="GitHub Gists"
        />
        <MainContent
                dataFound={true}
                gistPreview=""
                invalidDate={false}
                userName="defunkt"
        />
</div>,
    },
    "ref": null,
    "rendered": Object {
      "instance": null,
      "key": undefined,
      "nodeType": "host",
      "props": Object {
        "children": Array [
          <AppBar
            onLeftIconButtonClick={[Function]}
            showMenuIconButton={true}
            style={
                        Object {
                                    "position": "fixed",
                                  }
            }
            title="GitHub Gists"
            zDepth={1}
/>,
          <SideBar
            dataFound={true}
            gistData={Array []}
            onClick={[Function]}
            onRequestChange={[Function]}
            open={false}
            title="GitHub Gists"
/>,
          <MainContent
            dataFound={true}
            gistPreview=""
            invalidDate={false}
            userName="defunkt"
/>,
        ],
      },
      "ref": null,
      "rendered": Array [
        Object {
          "instance": null,
          "key": undefined,
          "nodeType": "class",
          "props": Object {
            "onLeftIconButtonClick": [Function],
            "showMenuIconButton": true,
            "style": Object {
              "position": "fixed",
            },
            "title": "GitHub Gists",
            "zDepth": 1,
          },
          "ref": null,
          "rendered": null,
          "type": [Function],
        },
        Object {
          "instance": null,
          "key": undefined,
          "nodeType": "class",
          "props": Object {
            "dataFound": true,
            "gistData": Array [],
            "onClick": [Function],
            "onRequestChange": [Function],
            "open": false,
            "title": "GitHub Gists",
          },
          "ref": null,
          "rendered": null,
          "type": [Function],
        },
        Object {
          "instance": null,
          "key": undefined,
          "nodeType": "class",
          "props": Object {
            "dataFound": true,
            "gistPreview": "",
            "invalidDate": false,
            "userName": "defunkt",
          },
          "ref": null,
          "rendered": null,
          "type": [Function],
        },
      ],
      "type": "div",
    },
    "type": [Function],
  },
  Symbol(enzyme.__nodes__): Array [
    Object {
      "instance": null,
      "key": undefined,
      "nodeType": "class",
      "props": Object {
        "children": <div>
          <AppBar
                    onLeftIconButtonClick={[Function]}
                    showMenuIconButton={true}
                    style={
                              Object {
                                        "position": "fixed",
                                      }
                    }
                    title="GitHub Gists"
                    zDepth={1}
          />
          <SideBar
                    dataFound={true}
                    gistData={Array []}
                    onClick={[Function]}
                    onRequestChange={[Function]}
                    open={false}
                    title="GitHub Gists"
          />
          <MainContent
                    dataFound={true}
                    gistPreview=""
                    invalidDate={false}
                    userName="defunkt"
          />
</div>,
      },
      "ref": null,
      "rendered": Object {
        "instance": null,
        "key": undefined,
        "nodeType": "host",
        "props": Object {
          "children": Array [
            <AppBar
              onLeftIconButtonClick={[Function]}
              showMenuIconButton={true}
              style={
                            Object {
                                          "position": "fixed",
                                        }
              }
              title="GitHub Gists"
              zDepth={1}
/>,
            <SideBar
              dataFound={true}
              gistData={Array []}
              onClick={[Function]}
              onRequestChange={[Function]}
              open={false}
              title="GitHub Gists"
/>,
            <MainContent
              dataFound={true}
              gistPreview=""
              invalidDate={false}
              userName="defunkt"
/>,
          ],
        },
        "ref": null,
        "rendered": Array [
          Object {
            "instance": null,
            "key": undefined,
            "nodeType": "class",
            "props": Object {
              "onLeftIconButtonClick": [Function],
              "showMenuIconButton": true,
              "style": Object {
                "position": "fixed",
              },
              "title": "GitHub Gists",
              "zDepth": 1,
            },
            "ref": null,
            "rendered": null,
            "type": [Function],
          },
          Object {
            "instance": null,
            "key": undefined,
            "nodeType": "class",
            "props": Object {
              "dataFound": true,
              "gistData": Array [],
              "onClick": [Function],
              "onRequestChange": [Function],
              "open": false,
              "title": "GitHub Gists",
            },
            "ref": null,
            "rendered": null,
            "type": [Function],
          },
          Object {
            "instance": null,
            "key": undefined,
            "nodeType": "class",
            "props": Object {
              "dataFound": true,
              "gistPreview": "",
              "invalidDate": false,
              "userName": "defunkt",
            },
            "ref": null,
            "rendered": null,
            "type": [Function],
          },
        ],
        "type": "div",
      },
      "type": [Function],
    },
  ],
  Symbol(enzyme.__options__): Object {
    "adapter": ReactSixteenAdapter {
      "options": Object {
        "enableComponentDidUpdateOnSetState": true,
      },
    },
  },
}
`;
